Open Watcom Linker Version 1.9
Portions Copyright (c) 1985-2002 Sybase, Inc. All Rights Reserved.
Created on:       13/08/07 14:39:19
Executable Image: ex.exe
creating a Windows NT character-mode executable


                        +------------+
                        |   Groups   |
                        +------------+

Group                           Address              Size
=====                           =======              ====

.idata                          00409000             0000041c
DGROUP                          0040a000             00011780



                        +--------------+
                        |   Segments   |
                        +--------------+

Segment                Class          Group          Address         Size
=======                =====          =====          =======         ====

BEGTEXT                CODE           AUTO           00401000        00000007
_TEXT                  CODE           AUTO           00401010        000072df
TRANSFER CODE          CODE           AUTO           004082f0        000000d8
.idata                 .idata         .idata         00409000        0000041c
_NULL                  BEGDATA        DGROUP         0040a000        00000004
_AFTERNULL             BEGDATA        DGROUP         0040a004        00000000
CONST                  DATA           DGROUP         0040a004        00000038
CONST2                 DATA           DGROUP         0040a03c        00000000
_DATA                  DATA           DGROUP         0040a03c        00000644
XIB                    DATA           DGROUP         0040a680        00000000
XI                     DATA           DGROUP         0040a680        00000036
XIE                    DATA           DGROUP         0040a6b6        00000000
YIB                    DATA           DGROUP         0040a6b6        00000000
YI                     DATA           DGROUP         0040a6b6        00000024
YIE                    DATA           DGROUP         0040a6da        00000000
TIB                    DATA           DGROUP         0040a6da        00000000
TI                     DATA           DGROUP         0040a6da        00000000
TIE                    DATA           DGROUP         0040a6da        00000000
DATA                   DATA           DGROUP         0040a6da        00000000
_BSS                   BSS            DGROUP         0040b000        00000775
STACK                  STACK          DGROUP         0040b780        00010000


                        +----------------+
                        |   Memory Map   |
                        +----------------+

* = unreferenced symbol
+ = symbol only referenced locally

Address        Symbol
=======        ======

Module: main.obj(D:\Project\KernighanAndRitchie\5.10\main.c)
00401010       main_
Module: C:\WATCOM/lib386/nt\clib3r.lib(stk)
004011a1       __CHK
004011b1*      __STK
004011d0*      __STKOVERFLOW_
004011e0*      __GRO
00401200*      __alloca_probe
Module: C:\WATCOM/lib386/nt\clib3r.lib(istable.c)
00401220       __IsTable
Module: C:\WATCOM/lib386/nt\clib3r.lib(atoi.c)
00401330       atoi_
Module: C:\WATCOM/lib386/nt\clib3r.lib(printf.c)
00401380       printf_
Module: C:\WATCOM/lib386/nt\clib3r.lib(cstrtwnt)
004013a2       _cstart_
004013a2*      mainCRTStartup
Module: C:\WATCOM/lib386/nt\clib3r.lib(fltused.c)
0040a04c       _fltused_
Module: C:\WATCOM/lib386/nt\emu387.lib(386)
00401400       __init_387_emulator
00401401*      __fini_387_emulator
Module: C:\WATCOM/lib386/nt\clib3r.lib(_8087)
0040a050       __8087
0040a051       __real87
Module: C:\WATCOM/lib386/nt\clib3r.lib(argcv.c)
0040b000       __argc
0040b004       __argv
0040b008       ___argv
0040b00c       ___argc
Module: C:\WATCOM/lib386/nt\clib3r.lib(xmsgwnt.c)
00401410+      __exit_with_msg_
00401470       __fatal_runtime_error_
Module: C:\WATCOM/lib386/nt\clib3r.lib(mainwnt.c)
0040a054*      ___TlsIndex
0040a058+      ___FirstThreadData
0040a05c       ___GetThreadPtr
0040a060       __AccessFileH
0040a064       __ReleaseFileH
0040a068       __AccessIOB
0040a06c       __ReleaseIOB
0040a070       __AccessNHeap
0040a074*      __AccessFHeap
0040a078       __ReleaseNHeap
004014a0*      __threadid_
004014c0+      __sig_null_rtn_
004014d0+      __NTInit_
004016b0+      __NTFini_
00401710       __NTMainInit_
00401770       __exit_
0040a07c*      __ReleaseFHeap
0040a080*      __AccessTDList
0040a084*      __ReleaseTDList
0040a088       __AccessFList
0040a08c       __ReleaseFList
0040a090+      __ThreadExitRtn
0040a094       ___sig_init_rtn
0040a098       ___sig_fini_rtn
0040a09c       ___process_fini
0040b018       ___Is_DLL
Module: C:\WATCOM/lib386/nt\clib3r.lib(iob.c)
0040a0a0       ___iob
0040a2a8*      __fmode
0040b634       ___OpenStreams
0040b638       ___ClosedStreams
Module: C:\WATCOM/lib386/nt\clib3r.lib(fprtf.c)
004017e0       __fprtf_
Module: C:\WATCOM/lib386/nt\clib3r.lib(main2wnt.c)
004018a0       __NTMain
Module: C:\WATCOM/lib386/nt\clib3r.lib(segdefns)
00401003       ___begtext
0040a000*      __nullarea
0040a680       __Start_XI
0040a6b6       __End_XI
0040a6b6       __Start_YI
0040a6da       __End_YI
Module: C:\WATCOM/lib386/nt\clib3r.lib(setefg.c)
00401900       __setEFGfmt_
Module: C:\WATCOM/lib386/nt\clib3r.lib(chk8087.c)
00401940*      _fpreset_
00401980       __chk8087_
00401990*      __init_8087_
Module: C:\WATCOM/lib386/nt\clib3r.lib(crwdata)
0040a2f0       __osmajor
0040a2f1       __osminor
0040a2f2       __osbuild
0040a2f4       __osver
0040a2f8       __winmajor
0040a2fc       __winminor
0040a300       __winver
0040a2bc       __LpDllName
0040a2c0       __LpwCmdLine
0040a2c4       __LpwPgmName
0040a2c8       __LpwDllName
0040a2b4       __LpCmdLine
0040a2b8       __LpPgmName
0040a2ac*      __dynend
0040a2b0       __curbrk
0040a2cc*      __STACKLOW
0040a2d0       __STACKTOP
0040a2d4       __ASTACKSIZ
0040a2d8       __ASTACKPTR
0040a2dc*      __cbyte
0040a2e0*      __cbyte2
0040a2e4*      __child
0040a2ea       __Envptr
0040a2ee*      __Envseg
0040a2e8       __no87
0040a304       ___FPE_handler
Module: C:\WATCOM/lib386/nt\clib3r.lib(initargv.c)
004019b0       __Init_Argv_
00401a00+      _getargv_
00401ba0       __Fini_Argv_
Module: C:\WATCOM/lib386/nt\clib3r.lib(enterdb.c)
00401bb0       __EnterWVIDEO_
0040a308+      ___WD_Present
Module: C:\WATCOM/lib386/nt\clib3r.lib(hdlman.c)
0040a30c+      ___NHandles
0040a310+      ___OSHandles
0040a314+      ___FakeHandles
00401be0+      __growPOSIXHandles_
00401c80+      __allocPOSIXHandle_
00401d40       __freePOSIXHandle_
00401d60       __getOSHandle_
00401d70       __setOSHandle_
00401dc0+      __NTGetFakeHandle_
00401e30       __initPOSIXHandles_
00401f10*      __set_handles_
00401f20*      _grow_handles_
Module: C:\WATCOM/lib386/nt\clib3r.lib(environ.c)
0040b640       ___env_mask
0040b644       _environ
0040b648       __wenviron
Module: C:\WATCOM/lib386/nt\clib3r.lib(getmodfn.c)
00401f60       __lib_GetModuleFileNameW_
Module: C:\WATCOM/lib386/nt\clib3r.lib(strdup.c)
00402000       __clib_strdup_
Module: C:\WATCOM/lib386/nt\clib3r.lib(ustrdup.c)
00402040       __clib_wcsdup_
Module: C:\WATCOM/lib386/nt\clib3r.lib(nfree.c)
00402070       _nfree_
00402070       free_
0040b64c       ___MiniHeapFreeRover
Module: C:\WATCOM/lib386/nt\clib3r.lib(excptwnt.c)
004027e0+      ___ReportException@4
00402c30       __DefaultExceptionHandler_
00402c70+      ___ExceptionFilter
00402e80       __NewExceptionFilter_
00402eb0       __DoneExceptionFilter_
0040a320       ___oscode_check_func
0040a324       ___raise_func
0040b650*      _sw
0040b654+      ___ExceptionHandled
0040b655+      ___ReportInvoked
Module: C:\WATCOM/lib386/nt\clib3r.lib(stklmwnt.c)
00402ef0       __init_stack_limits_
Module: C:\WATCOM/lib386/nt\clib3r.lib(initrtns.c)
00402f70       __InitRtns
00402fc0       __FiniRtns
Module: C:\WATCOM/lib386/nt\clib3r.lib(initfile.c)
00403050       __InitFiles_
Module: C:\WATCOM/lib386/nt\clib3r.lib(ioexit.c)
00403150*      fcloseall_
00403160       __full_io_exit_
Module: C:\WATCOM/lib386/nt\clib3r.lib(fputc.c)
00403170       fputc_
Module: C:\WATCOM/lib386/nt\clib3r.lib(ioalloc.c)
00403250       __ioalloc_
Module: C:\WATCOM/lib386/nt\clib3r.lib(prtf.c)
004032f0       __prtf_
Module: C:\WATCOM/lib386/nt\clib3r.lib(flush.c)
00403fc0       __flush_
Module: C:\WATCOM/lib386/nt\clib3r.lib(mthrdini.c)
004040c0       __InitThreadData_
0040a33c       ___ThreadDataSize
Module: C:\WATCOM/lib386/nt\clib3r.lib(memset.c)
004040f0       memset_
Module: C:\WATCOM/lib386/nt\clib3r.lib(cmain386.c)
00404110       __CMain
Module: C:\WATCOM/lib386/nt\clib3r.lib(dosseg)
00001234       __DOSseg__
Module: C:\WATCOM/lib386/nt\clib3r.lib(noefgfmt.c)
0040a340       ___EFG_printf
0040a344       ___EFG_scanf
Module: C:\WATCOM/lib386\math387r.lib(efgfmt.c)
00404192       _EFG_Format_
Module: C:\WATCOM/lib386\math387r.lib(cnvs2d.c)
004042fc       __cnvs2d_
Module: C:\WATCOM/lib386/nt\clib3r.lib(8087cw.c)
0040a348       __8087cw
Module: C:\WATCOM/lib386/nt\clib3r.lib(save8087.c)
0040a34c       ___Save8087
0040a350       ___Rest8087
Module: C:\WATCOM/lib386/nt\clib3r.lib(init8087)
00404314       __x87id
Module: C:\WATCOM/lib386/nt\clib3r.lib(histsplt.c)
0040b658       ___historical_splitparms
Module: C:\WATCOM/lib386/nt\clib3r.lib(___argc.c)
0040b65c       ____Argc
0040b660       ____Argv
Module: C:\WATCOM/lib386/nt\clib3r.lib(nmalloc.c)
00404350       _nmalloc_
00404350       malloc_
0040a354       ___nheapbeg
0040a358       ___MiniHeapRover
0040a35c       ___LargestSizeB4MiniHeapRover
Module: C:\WATCOM/lib386/nt\clib3r.lib(seterrno.c)
0040444a       __set_errno_
00404458*      __set_EDOM_
00404466       __set_ERANGE_
00404474*      __set_EINVAL_
00404487       __set_doserrno_
Module: C:\WATCOM/lib386/nt\clib3r.lib(nrealloc.c)
004044a0*      _nrealloc_
004044a0       realloc_
Module: C:\WATCOM/lib386/nt\clib3r.lib(iomode.c)
00404520       __GetIOMode_
00404540       __SetIOMode_nogrow_
0040a360       ___NFiles
0040a364       ___init_mode
0040a3b4       ___io_mode
Module: C:\WATCOM/lib386/nt\clib3r.lib(stiomode.c)
00404560       __grow_iomode_
00404630+      __shrink_iomode_
00404670       __SetIOMode_
Module: C:\WATCOM/lib386/nt\clib3r.lib(setenvp.c)
004046e0       __setenvp_
004047a0       __freeenvp_
Module: C:\WATCOM/lib386/nt\clib3r.lib(ustrlen.c)
004047ed       wcslen_
Module: C:\WATCOM/lib386/nt\clib3r.lib(memcpy.c)
00404800       memcpy_
Module: C:\WATCOM/lib386/nt\clib3r.lib(mem.c)
00404820       __MemAllocator
004048d0       __MemFree
Module: C:\WATCOM/lib386/nt\clib3r.lib(conutwnt.c)
00404a20*      __NTRealKey_
00404ad0*      __NTConsoleInput_
00404ae0       __NTConsoleOutput_
Module: C:\WATCOM/lib386/nt\clib3r.lib(fclex387.c)
00404af0       _ClearFPE_
Module: C:\WATCOM/lib386/nt\clib3r.lib(signlwnt.c)
0040a3c0+      __SignalTable
00404b00+      __SetSignalFunc_
00404b50+      __GetSignalFunc_
00404b80+      __GetSignalOSCode_
00404bb0+      __CheckSignalExCode_
00404cf0+      __sigabort_
00404d00       __sigfpe_handler_
00404d50*      signal_
00404de0+      raise_
00404e50+      __SigInit_
00404ea0+      __SigFini_
00404ee0+      __sig_init_
Module: C:\WATCOM/lib386/nt\clib3r.lib(fclose.c)
00404f00+      __doclose_
00404fa0       __shutdown_stream_
00404fc0*      fclose_
0040b66c+      ___RmTmpFileFn
Module: C:\WATCOM/lib386/nt\clib3r.lib(freefp.c)
00405010       __freefp_
00405060       __purgefp_
Module: C:\WATCOM/lib386/nt\clib3r.lib(chktty.c)
00405090       __chktty_
Module: C:\WATCOM/lib386/nt\clib3r.lib(wctomb.c)
004050d0       wctomb_
Module: C:\WATCOM/lib386/nt\clib3r.lib(itoa.c)
00405110+      utoa_
00405160       itoa_
Module: C:\WATCOM/lib386/nt\clib3r.lib(strupr.c)
00405190       strupr_
Module: C:\WATCOM/lib386/nt\clib3r.lib(lltoa.c)
004051b0       ulltoa_
00405220*      lltoa_
Module: C:\WATCOM/lib386/nt\clib3r.lib(ltoa.c)
00405250       ultoa_
004052a0*      ltoa_
Module: C:\WATCOM/lib386/nt\clib3r.lib(mbisdbcs.c)
0040b670       ___IsDBCS
Module: C:\WATCOM/lib386/nt\clib3r.lib(mbislead.c)
004052d0*      _ismbblead_
0040b674       ___MBCSIsTable
Module: C:\WATCOM/lib386/nt\clib3r.lib(__lseek.c)
004052f0       __lseek_
Module: C:\WATCOM/lib386/nt\clib3r.lib(fsync.c)
00405330       fsync_
Module: C:\WATCOM/lib386/nt\clib3r.lib(qwrit.c)
00405380       __qwrite_
Module: C:\WATCOM/lib386/nt\clib3r.lib(__stos)
00405460       __STOSB
00405497*      __STOSD
Module: C:\WATCOM/lib386/nt\clib3r.lib(cinit.c)
00405510       __CommonInit_
Module: C:\WATCOM/lib386/nt\clib3r.lib(exit.c)
00405511+      __null_int23_exit_
00405512       exit_
00405562*      _exit_
0040a42c+      ___int23_exit
0040a430+      ___FPE_handler_exit
Module: C:\WATCOM/lib386/nt\clib3r.lib(rtcntrl.c)
00405580*      _SetLD64bit_
00405590*      _SetLD80bit_
004055a0       _LDisDouble_
Module: C:\WATCOM/lib386\math387r.lib(ldcvt.c)
0040568f       _LDScale10x_
00405c36       __LDcvt_
Module: C:\WATCOM/lib386\math387r.lib(strtod.c)
00406597+      __Strtold_
004066fe       strtod_
Module: C:\WATCOM/lib386/nt\clib3r.lib(nmemneed.c)
00406850       __nmemneed_
Module: C:\WATCOM/lib386/nt\clib3r.lib(grownear.c)
004069c0       __ExpandDGROUP_
Module: C:\WATCOM/lib386/nt\clib3r.lib(nmsize.c)
004069e0       _nmsize_
004069e0*      _msize_
Module: C:\WATCOM/lib386/nt\clib3r.lib(nexpand.c)
004069f0       _nexpand_
004069f0*      _expand_
00406a30+      __HeapManager_expand_
Module: C:\WATCOM/lib386/nt\clib3r.lib(iomodtty.c)
00406bf0       __ChkTTYIOMode_
00406c30*      __IOMode_
Module: C:\WATCOM/lib386/nt\clib3r.lib(dofilstr.c)
00406c70       __ParsePosixHandleStr_
Module: C:\WATCOM/lib386/nt\clib3r.lib(clearenv.c)
00406d90       clearenv_
Module: C:\WATCOM/lib386/nt\clib3r.lib(abort.c)
00406e35*      abort_
00406e47       __terminate_
0040a4e0       ___abort
Module: C:\WATCOM/lib386/nt\clib3r.lib(_clsewnt.c)
00406e60       __close_
Module: C:\WATCOM/lib386/nt\clib3r.lib(isattwnt.c)
00406ec0       isatty_
Module: C:\WATCOM/lib386/nt\clib3r.lib(mbinit.c)
00406f16       __mbinit_
0040a4e4       ___MBCodePage
Module: C:\WATCOM/lib386/nt\clib3r.lib(alphabet.c)
0040a014       ___Alphabet
Module: C:\WATCOM/lib386/nt\clib3r.lib(dosret.c)
00407010*      _dosretax_
00407020*      _dosret0_
00407030       __set_errno_dos_
00407060*      __set_errno_dos_reterr_
00407070       __set_errno_nt_
00407080*      __set_errno_nt_reterr_
Module: C:\WATCOM/lib386\math387r.lib(ldclass.c)
00407094       __LDClass_
004070e4*      _FLClass_
Module: C:\WATCOM/lib386/nt\clib3r.lib(tolower.c)
00407100       tolower_
Module: C:\WATCOM/lib386\math387r.lib(bufld386)
00407110       __ZBuf2LD
Module: C:\WATCOM/lib386\math387r.lib(inf_nan.c)
004071b3*      ___f_infinity
004071b7*      ___f_posqnan
004071bb       ___d_infinity
004071c3       ___d_posqnan
004071cb*      ___ld_infinity
004071d3*      ___ld_posqnan
Module: C:\WATCOM/lib386/nt\clib3r.lib(hugeval.c)
004071e0       __HugeValue
Module: C:\WATCOM/lib386/nt\clib3r.lib(amblksiz.c)
0040a5ec       __amblksiz
Module: C:\WATCOM/lib386/nt\clib3r.lib(heapen.c)
004071f0*      _heapenable_
0040a5f0       ___heap_enabled
Module: C:\WATCOM/lib386/nt\clib3r.lib(nheapmin.c)
00407220       _nheapshrink_
00407220*      _nheapmin_
00407220*      _heapmin_
00407220*      _heapshrink_
Module: C:\WATCOM/lib386/nt\clib3r.lib(getenv.c)
00407310       getenv_
Module: C:\WATCOM/lib386/nt\clib3r.lib(strncpy.c)
004073a0       strncpy_
Module: C:\WATCOM/lib386/nt\clib3r.lib(strtol.c)
00407600*      strtoul_
00407610       strtol_
Module: C:\WATCOM/lib386/nt\clib3r.lib(putenv.c)
00407620       putenv_
004078b0       __putenv_
Module: C:\WATCOM/lib386/nt\clib3r.lib(mbterm.c)
00407a20       _mbterm_
Module: C:\WATCOM/lib386/nt\clib3r.lib(mbsnextc.c)
00407a60       _mbsnextc_
Module: C:\WATCOM/lib386/nt\clib3r.lib(mbcupper.c)
00407aa0       _mbctoupper_
Module: C:\WATCOM/lib386/nt\clib3r.lib(mbsinc.c)
00407ad0       _mbsinc_
Module: C:\WATCOM/lib386/nt\clib3r.lib(mbschr.c)
00407b00       _mbschr_
Module: C:\WATCOM/lib386/nt\clib3r.lib(mbslen.c)
00407b60       _mbslen_
Module: C:\WATCOM/lib386/nt\clib3r.lib(mbstowcs.c)
00407b90       mbstowcs_
Module: C:\WATCOM/lib386/nt\clib3r.lib(uputenv.c)
00407c10*      _wputenv_
00407e30       __wputenv_
Module: C:\WATCOM/lib386/nt\clib3r.lib(toupper.c)
00407f30       toupper_
Module: C:\WATCOM/lib386/nt\clib3r.lib(memmove.c)
00407f40       memmove_
Module: C:\WATCOM/lib386/nt\clib3r.lib(mbconv.c)
00407fa0       _mbvtop_
Module: C:\WATCOM/lib386/nt\clib3r.lib(mbclen.c)
00407fc0       _mbclen_
Module: C:\WATCOM/lib386/nt\clib3r.lib(mbccmp.c)
00407ff0       _mbccmp_
Module: C:\WATCOM/lib386/nt\clib3r.lib(mbtowc.c)
00408030       mbtowc_
Module: C:\WATCOM/lib386/nt\clib3r.lib(ustrchr.c)
004080c0       wcschr_
Module: C:\WATCOM/lib386/nt\clib3r.lib(setenvar.c)
004080e0       __lib_SetEnvironmentVariableW_
Module: C:\WATCOM/lib386/nt\clib3r.lib(crtwenv.c)
004081d0       __create_wide_environment_
Module: C:\WATCOM/lib386/nt\clib3r.lib(wcstombs.c)
00408240       wcstombs_
Module: C:\WATCOM/lib386/nt\clib3r.lib(utoupper.c)
004082df       towupper_


                        +----------------------+
                        |   Imported Symbols   |
                        +----------------------+

Symbol                              Module
======                              ======

_GetStdHandle@4                     KERNEL32.DLL
_WriteFile@20                       KERNEL32.DLL
_GetEnvironmentStringsA@0           KERNEL32.DLL
_GetVersion@0                       KERNEL32.DLL
_GetModuleFileNameA@12              KERNEL32.DLL
_GetCommandLineA@0                  KERNEL32.DLL
_GetCommandLineW@0                  KERNEL32.DLL
_FreeEnvironmentStringsA@4          KERNEL32.DLL
_GetModuleHandleA@4                 KERNEL32.DLL
_ExitProcess@4                      KERNEL32.DLL
_SetStdHandle@8                     KERNEL32.DLL
_CreateEventA@16                    KERNEL32.DLL
_CloseHandle@4                      KERNEL32.DLL
_GetModuleFileNameW@12              KERNEL32.DLL
_MultiByteToWideChar@24             KERNEL32.DLL
_LoadLibraryA@4                     KERNEL32.DLL
_GetProcAddress@8                   KERNEL32.DLL
_SetUnhandledExceptionFilter@4      KERNEL32.DLL
_UnhandledExceptionFilter@4         KERNEL32.DLL
_VirtualQuery@12                    KERNEL32.DLL
_GetCurrentThreadId@0               KERNEL32.DLL
_CreateFileA@28                     KERNEL32.DLL
_SetConsoleCtrlHandler@8            KERNEL32.DLL
_WideCharToMultiByte@32             KERNEL32.DLL
_SetFilePointer@16                  KERNEL32.DLL
_FlushFileBuffers@4                 KERNEL32.DLL
_GetLastError@0                     KERNEL32.DLL
_VirtualAlloc@16                    KERNEL32.DLL
_GetFileType@4                      KERNEL32.DLL
_GetACP@0                           KERNEL32.DLL
_GetOEMCP@0                         KERNEL32.DLL
_GetCPInfo@8                        KERNEL32.DLL
_VirtualFree@12                     KERNEL32.DLL
_SetEnvironmentVariableA@8          KERNEL32.DLL
_CharUpperA@4                       USER32.DLL
_SetEnvironmentVariableW@8          KERNEL32.DLL


                        +--------------------+
                        |   Libraries Used   |
                        +--------------------+

C:\WATCOM/lib386/nt\kernel32.lib
C:\WATCOM/lib386/nt\user32.lib
C:\WATCOM/lib386/nt\clib3r.lib
C:\WATCOM/lib386\math387r.lib
C:\WATCOM/lib386/nt\emu387.lib


                        +-----------------------+
                        |   Linker Statistics   |
                        +-----------------------+

Stack size:  00010000 (65536.)
Memory size:  00018f64 (102244.)
Entry point address: 004013a2
Link time: 00:00.56
