Open Watcom Linker Version 1.9
Portions Copyright (c) 1985-2002 Sybase, Inc. All Rights Reserved.
Created on:       13/07/31 19:06:32
Executable Image: test.exe
creating a Windows NT character-mode executable


                        +------------+
                        |   Groups   |
                        +------------+

Group                           Address              Size
=====                           =======              ====

.idata                          00409000             0000041c
DGROUP                          0040a000             00011760



                        +--------------+
                        |   Segments   |
                        +--------------+

Segment                Class          Group          Address         Size
=======                =====          =====          =======         ====

BEGTEXT                CODE           AUTO           00401000        00000007
_TEXT                  CODE           AUTO           00401010        00006f4f
TRANSFER CODE          CODE           AUTO           00407f60        000000d8
.idata                 .idata         .idata         00409000        0000041c
_NULL                  BEGDATA        DGROUP         0040a000        00000004
_AFTERNULL             BEGDATA        DGROUP         0040a004        00000000
CONST                  DATA           DGROUP         0040a004        00000030
CONST2                 DATA           DGROUP         0040a034        00000000
_DATA                  DATA           DGROUP         0040a034        00000644
XIB                    DATA           DGROUP         0040a678        00000000
XI                     DATA           DGROUP         0040a678        00000030
XIE                    DATA           DGROUP         0040a6a8        00000000
YIB                    DATA           DGROUP         0040a6a8        00000000
YI                     DATA           DGROUP         0040a6a8        0000001e
YIE                    DATA           DGROUP         0040a6c6        00000000
TIB                    DATA           DGROUP         0040a6c6        00000000
TI                     DATA           DGROUP         0040a6c6        00000000
TIE                    DATA           DGROUP         0040a6c6        00000000
DATA                   DATA           DGROUP         0040a6c6        00000000
_BSS                   BSS            DGROUP         0040b000        00000760
STACK                  STACK          DGROUP         0040b760        00010000


                        +----------------+
                        |   Memory Map   |
                        +----------------+

* = unreferenced symbol
+ = symbol only referenced locally

Address        Symbol
=======        ======

Module: main.obj(D:\Project\C\KandR\Tests\main.c)
00401010       main_
Module: C:\WATCOM/lib386/nt\clib3r.lib(stk)
00401061       __CHK
00401071*      __STK
00401090*      __STKOVERFLOW_
004010a0*      __GRO
004010c0*      __alloca_probe
Module: C:\WATCOM/lib386/nt\clib3r.lib(printf.c)
004010e0       printf_
Module: C:\WATCOM/lib386/nt\clib3r.lib(cstrtwnt)
00401102       _cstart_
00401102*      mainCRTStartup
Module: C:\WATCOM/lib386/nt\clib3r.lib(fltused.c)
0040a044       _fltused_
Module: C:\WATCOM/lib386/nt\emu387.lib(386)
00401160       __init_387_emulator
00401161*      __fini_387_emulator
Module: C:\WATCOM/lib386/nt\clib3r.lib(_8087)
0040a048       __8087
0040a049       __real87
Module: C:\WATCOM/lib386/nt\clib3r.lib(xmsgwnt.c)
00401170+      __exit_with_msg_
004011d0       __fatal_runtime_error_
Module: C:\WATCOM/lib386/nt\clib3r.lib(mainwnt.c)
0040a04c*      ___TlsIndex
0040a050+      ___FirstThreadData
0040a054       ___GetThreadPtr
0040a058       __AccessFileH
0040a05c       __ReleaseFileH
0040a060       __AccessIOB
0040a064       __ReleaseIOB
0040a068       __AccessNHeap
0040a06c*      __AccessFHeap
0040a070       __ReleaseNHeap
00401200*      __threadid_
00401220+      __sig_null_rtn_
00401230+      __NTInit_
00401410+      __NTFini_
00401470       __NTMainInit_
004014d0       __exit_
0040a074*      __ReleaseFHeap
0040a078*      __AccessTDList
0040a07c*      __ReleaseTDList
0040a080       __AccessFList
0040a084       __ReleaseFList
0040a088+      __ThreadExitRtn
0040a08c       ___sig_init_rtn
0040a090       ___sig_fini_rtn
0040a094       ___process_fini
0040b008       ___Is_DLL
Module: C:\WATCOM/lib386/nt\clib3r.lib(iob.c)
0040a098       ___iob
0040a2a0*      __fmode
0040b624       ___OpenStreams
0040b628       ___ClosedStreams
Module: C:\WATCOM/lib386/nt\clib3r.lib(fprtf.c)
00401540       __fprtf_
Module: C:\WATCOM/lib386/nt\clib3r.lib(main2wnt.c)
00401600       __NTMain
Module: C:\WATCOM/lib386/nt\clib3r.lib(segdefns)
00401003       ___begtext
0040a000*      __nullarea
0040a678       __Start_XI
0040a6a8       __End_XI
0040a6a8       __Start_YI
0040a6c6       __End_YI
Module: C:\WATCOM/lib386/nt\clib3r.lib(setefg.c)
00401660       __setEFGfmt_
Module: C:\WATCOM/lib386/nt\clib3r.lib(chk8087.c)
004016a0*      _fpreset_
004016e0       __chk8087_
004016f0*      __init_8087_
Module: C:\WATCOM/lib386/nt\clib3r.lib(crwdata)
0040a2e8       __osmajor
0040a2e9       __osminor
0040a2ea       __osbuild
0040a2ec       __osver
0040a2f0       __winmajor
0040a2f4       __winminor
0040a2f8       __winver
0040a2b4       __LpDllName
0040a2b8       __LpwCmdLine
0040a2bc       __LpwPgmName
0040a2c0       __LpwDllName
0040a2ac       __LpCmdLine
0040a2b0       __LpPgmName
0040a2a4*      __dynend
0040a2a8       __curbrk
0040a2c4*      __STACKLOW
0040a2c8       __STACKTOP
0040a2cc       __ASTACKSIZ
0040a2d0       __ASTACKPTR
0040a2d4*      __cbyte
0040a2d8*      __cbyte2
0040a2dc*      __child
0040a2e2       __Envptr
0040a2e6*      __Envseg
0040a2e0       __no87
0040a2fc       ___FPE_handler
Module: C:\WATCOM/lib386/nt\clib3r.lib(enterdb.c)
00401710       __EnterWVIDEO_
0040a300+      ___WD_Present
Module: C:\WATCOM/lib386/nt\clib3r.lib(hdlman.c)
0040a304+      ___NHandles
0040a308+      ___OSHandles
0040a30c+      ___FakeHandles
00401740+      __growPOSIXHandles_
004017e0+      __allocPOSIXHandle_
004018a0       __freePOSIXHandle_
004018c0       __getOSHandle_
004018d0       __setOSHandle_
00401920+      __NTGetFakeHandle_
00401990       __initPOSIXHandles_
00401a70*      __set_handles_
00401a80*      _grow_handles_
Module: C:\WATCOM/lib386/nt\clib3r.lib(environ.c)
0040b62c       ___env_mask
0040b630       _environ
0040b634       __wenviron
Module: C:\WATCOM/lib386/nt\clib3r.lib(getmodfn.c)
00401ac0       __lib_GetModuleFileNameW_
Module: C:\WATCOM/lib386/nt\clib3r.lib(strdup.c)
00401b60       __clib_strdup_
Module: C:\WATCOM/lib386/nt\clib3r.lib(istable.c)
00401ba0       __IsTable
Module: C:\WATCOM/lib386/nt\clib3r.lib(ustrdup.c)
00401ca1       __clib_wcsdup_
Module: C:\WATCOM/lib386/nt\clib3r.lib(nfree.c)
00401cd0       _nfree_
00401cd0       free_
0040b638       ___MiniHeapFreeRover
Module: C:\WATCOM/lib386/nt\clib3r.lib(excptwnt.c)
00402440+      ___ReportException@4
00402890       __DefaultExceptionHandler_
004028d0+      ___ExceptionFilter
00402ae0       __NewExceptionFilter_
00402b10       __DoneExceptionFilter_
0040a318       ___oscode_check_func
0040a31c       ___raise_func
0040b63c*      _sw
0040b640+      ___ExceptionHandled
0040b641+      ___ReportInvoked
Module: C:\WATCOM/lib386/nt\clib3r.lib(stklmwnt.c)
00402b50       __init_stack_limits_
Module: C:\WATCOM/lib386/nt\clib3r.lib(initrtns.c)
00402bd0       __InitRtns
00402c20       __FiniRtns
Module: C:\WATCOM/lib386/nt\clib3r.lib(initfile.c)
00402cb0       __InitFiles_
Module: C:\WATCOM/lib386/nt\clib3r.lib(ioexit.c)
00402db0*      fcloseall_
00402dc0       __full_io_exit_
Module: C:\WATCOM/lib386/nt\clib3r.lib(fputc.c)
00402dd0       fputc_
Module: C:\WATCOM/lib386/nt\clib3r.lib(ioalloc.c)
00402eb0       __ioalloc_
Module: C:\WATCOM/lib386/nt\clib3r.lib(prtf.c)
00402f50       __prtf_
Module: C:\WATCOM/lib386/nt\clib3r.lib(flush.c)
00403c20       __flush_
Module: C:\WATCOM/lib386/nt\clib3r.lib(mthrdini.c)
00403d20       __InitThreadData_
0040a334       ___ThreadDataSize
Module: C:\WATCOM/lib386/nt\clib3r.lib(memset.c)
00403d50       memset_
Module: C:\WATCOM/lib386/nt\clib3r.lib(cmain386.c)
00403d70       __CMain
Module: C:\WATCOM/lib386/nt\clib3r.lib(dosseg)
00001234       __DOSseg__
Module: C:\WATCOM/lib386/nt\clib3r.lib(noefgfmt.c)
0040a338       ___EFG_printf
0040a33c       ___EFG_scanf
Module: C:\WATCOM/lib386\math387r.lib(efgfmt.c)
00403df2       _EFG_Format_
Module: C:\WATCOM/lib386\math387r.lib(cnvs2d.c)
00403f5c       __cnvs2d_
Module: C:\WATCOM/lib386/nt\clib3r.lib(8087cw.c)
0040a340       __8087cw
Module: C:\WATCOM/lib386/nt\clib3r.lib(save8087.c)
0040a344       ___Save8087
0040a348       ___Rest8087
Module: C:\WATCOM/lib386/nt\clib3r.lib(init8087)
00403f74       __x87id
Module: C:\WATCOM/lib386/nt\clib3r.lib(nmalloc.c)
00403fb0       _nmalloc_
00403fb0       malloc_
0040a34c       ___nheapbeg
0040a350       ___MiniHeapRover
0040a354       ___LargestSizeB4MiniHeapRover
Module: C:\WATCOM/lib386/nt\clib3r.lib(seterrno.c)
004040aa       __set_errno_
004040b8*      __set_EDOM_
004040c6       __set_ERANGE_
004040d4*      __set_EINVAL_
004040e7       __set_doserrno_
Module: C:\WATCOM/lib386/nt\clib3r.lib(nrealloc.c)
00404100*      _nrealloc_
00404100       realloc_
Module: C:\WATCOM/lib386/nt\clib3r.lib(iomode.c)
00404180       __GetIOMode_
004041a0       __SetIOMode_nogrow_
0040a358       ___NFiles
0040a35c       ___init_mode
0040a3ac       ___io_mode
Module: C:\WATCOM/lib386/nt\clib3r.lib(stiomode.c)
004041c0       __grow_iomode_
00404290+      __shrink_iomode_
004042d0       __SetIOMode_
Module: C:\WATCOM/lib386/nt\clib3r.lib(setenvp.c)
00404340       __setenvp_
00404400       __freeenvp_
Module: C:\WATCOM/lib386/nt\clib3r.lib(ustrlen.c)
0040444d       wcslen_
Module: C:\WATCOM/lib386/nt\clib3r.lib(memcpy.c)
00404460       memcpy_
Module: C:\WATCOM/lib386/nt\clib3r.lib(mem.c)
00404480       __MemAllocator
00404530       __MemFree
Module: C:\WATCOM/lib386/nt\clib3r.lib(conutwnt.c)
00404680*      __NTRealKey_
00404730*      __NTConsoleInput_
00404740       __NTConsoleOutput_
Module: C:\WATCOM/lib386/nt\clib3r.lib(fclex387.c)
00404750       _ClearFPE_
Module: C:\WATCOM/lib386/nt\clib3r.lib(signlwnt.c)
0040a3b8+      __SignalTable
00404760+      __SetSignalFunc_
004047b0+      __GetSignalFunc_
004047e0+      __GetSignalOSCode_
00404810+      __CheckSignalExCode_
00404950+      __sigabort_
00404960       __sigfpe_handler_
004049b0*      signal_
00404a40+      raise_
00404ab0+      __SigInit_
00404b00+      __SigFini_
00404b40+      __sig_init_
Module: C:\WATCOM/lib386/nt\clib3r.lib(fclose.c)
00404b60+      __doclose_
00404c00       __shutdown_stream_
00404c20*      fclose_
0040b64c+      ___RmTmpFileFn
Module: C:\WATCOM/lib386/nt\clib3r.lib(freefp.c)
00404c70       __freefp_
00404cc0       __purgefp_
Module: C:\WATCOM/lib386/nt\clib3r.lib(chktty.c)
00404cf0       __chktty_
Module: C:\WATCOM/lib386/nt\clib3r.lib(wctomb.c)
00404d30       wctomb_
Module: C:\WATCOM/lib386/nt\clib3r.lib(itoa.c)
00404d70+      utoa_
00404dc0       itoa_
Module: C:\WATCOM/lib386/nt\clib3r.lib(strupr.c)
00404df0       strupr_
Module: C:\WATCOM/lib386/nt\clib3r.lib(lltoa.c)
00404e10       ulltoa_
00404e80*      lltoa_
Module: C:\WATCOM/lib386/nt\clib3r.lib(ltoa.c)
00404eb0       ultoa_
00404f00*      ltoa_
Module: C:\WATCOM/lib386/nt\clib3r.lib(mbisdbcs.c)
0040b650       ___IsDBCS
Module: C:\WATCOM/lib386/nt\clib3r.lib(mbislead.c)
00404f30*      _ismbblead_
0040b654       ___MBCSIsTable
Module: C:\WATCOM/lib386/nt\clib3r.lib(__lseek.c)
00404f50       __lseek_
Module: C:\WATCOM/lib386/nt\clib3r.lib(fsync.c)
00404f90       fsync_
Module: C:\WATCOM/lib386/nt\clib3r.lib(qwrit.c)
00404fe0       __qwrite_
Module: C:\WATCOM/lib386/nt\clib3r.lib(__stos)
004050c0       __STOSB
004050f7*      __STOSD
Module: C:\WATCOM/lib386/nt\clib3r.lib(cinit.c)
00405170       __CommonInit_
Module: C:\WATCOM/lib386/nt\clib3r.lib(___argc.c)
0040b758       ____Argc
0040b75c       ____Argv
Module: C:\WATCOM/lib386/nt\clib3r.lib(exit.c)
00405180+      __null_int23_exit_
00405181       exit_
004051d1*      _exit_
0040a424+      ___int23_exit
0040a428+      ___FPE_handler_exit
Module: C:\WATCOM/lib386/nt\clib3r.lib(rtcntrl.c)
004051f0*      _SetLD64bit_
00405200*      _SetLD80bit_
00405210       _LDisDouble_
Module: C:\WATCOM/lib386\math387r.lib(ldcvt.c)
004052ff       _LDScale10x_
004058a6       __LDcvt_
Module: C:\WATCOM/lib386\math387r.lib(strtod.c)
00406207+      __Strtold_
0040636e       strtod_
Module: C:\WATCOM/lib386/nt\clib3r.lib(nmemneed.c)
004064c0       __nmemneed_
Module: C:\WATCOM/lib386/nt\clib3r.lib(grownear.c)
00406630       __ExpandDGROUP_
Module: C:\WATCOM/lib386/nt\clib3r.lib(nmsize.c)
00406650       _nmsize_
00406650*      _msize_
Module: C:\WATCOM/lib386/nt\clib3r.lib(nexpand.c)
00406660       _nexpand_
00406660*      _expand_
004066a0+      __HeapManager_expand_
Module: C:\WATCOM/lib386/nt\clib3r.lib(iomodtty.c)
00406860       __ChkTTYIOMode_
004068a0*      __IOMode_
Module: C:\WATCOM/lib386/nt\clib3r.lib(dofilstr.c)
004068e0       __ParsePosixHandleStr_
Module: C:\WATCOM/lib386/nt\clib3r.lib(clearenv.c)
00406a00       clearenv_
Module: C:\WATCOM/lib386/nt\clib3r.lib(abort.c)
00406aa5*      abort_
00406ab7       __terminate_
0040a4d8       ___abort
Module: C:\WATCOM/lib386/nt\clib3r.lib(_clsewnt.c)
00406ad0       __close_
Module: C:\WATCOM/lib386/nt\clib3r.lib(isattwnt.c)
00406b30       isatty_
Module: C:\WATCOM/lib386/nt\clib3r.lib(mbinit.c)
00406b86       __mbinit_
0040a4dc       ___MBCodePage
Module: C:\WATCOM/lib386/nt\clib3r.lib(alphabet.c)
0040a00c       ___Alphabet
Module: C:\WATCOM/lib386/nt\clib3r.lib(dosret.c)
00406c80*      _dosretax_
00406c90*      _dosret0_
00406ca0       __set_errno_dos_
00406cd0*      __set_errno_dos_reterr_
00406ce0       __set_errno_nt_
00406cf0*      __set_errno_nt_reterr_
Module: C:\WATCOM/lib386\math387r.lib(ldclass.c)
00406d04       __LDClass_
00406d54*      _FLClass_
Module: C:\WATCOM/lib386/nt\clib3r.lib(tolower.c)
00406d70       tolower_
Module: C:\WATCOM/lib386\math387r.lib(bufld386)
00406d80       __ZBuf2LD
Module: C:\WATCOM/lib386\math387r.lib(inf_nan.c)
00406e23*      ___f_infinity
00406e27*      ___f_posqnan
00406e2b       ___d_infinity
00406e33       ___d_posqnan
00406e3b*      ___ld_infinity
00406e43*      ___ld_posqnan
Module: C:\WATCOM/lib386/nt\clib3r.lib(hugeval.c)
00406e50       __HugeValue
Module: C:\WATCOM/lib386/nt\clib3r.lib(amblksiz.c)
0040a5e4       __amblksiz
Module: C:\WATCOM/lib386/nt\clib3r.lib(heapen.c)
00406e60*      _heapenable_
0040a5e8       ___heap_enabled
Module: C:\WATCOM/lib386/nt\clib3r.lib(nheapmin.c)
00406e90       _nheapshrink_
00406e90*      _nheapmin_
00406e90*      _heapmin_
00406e90*      _heapshrink_
Module: C:\WATCOM/lib386/nt\clib3r.lib(getenv.c)
00406f80       getenv_
Module: C:\WATCOM/lib386/nt\clib3r.lib(strncpy.c)
00407010       strncpy_
Module: C:\WATCOM/lib386/nt\clib3r.lib(strtol.c)
00407270*      strtoul_
00407280       strtol_
Module: C:\WATCOM/lib386/nt\clib3r.lib(putenv.c)
00407290       putenv_
00407520       __putenv_
Module: C:\WATCOM/lib386/nt\clib3r.lib(mbterm.c)
00407690       _mbterm_
Module: C:\WATCOM/lib386/nt\clib3r.lib(mbsnextc.c)
004076d0       _mbsnextc_
Module: C:\WATCOM/lib386/nt\clib3r.lib(mbcupper.c)
00407710       _mbctoupper_
Module: C:\WATCOM/lib386/nt\clib3r.lib(mbsinc.c)
00407740       _mbsinc_
Module: C:\WATCOM/lib386/nt\clib3r.lib(mbschr.c)
00407770       _mbschr_
Module: C:\WATCOM/lib386/nt\clib3r.lib(mbslen.c)
004077d0       _mbslen_
Module: C:\WATCOM/lib386/nt\clib3r.lib(mbstowcs.c)
00407800       mbstowcs_
Module: C:\WATCOM/lib386/nt\clib3r.lib(uputenv.c)
00407880*      _wputenv_
00407aa0       __wputenv_
Module: C:\WATCOM/lib386/nt\clib3r.lib(toupper.c)
00407ba0       toupper_
Module: C:\WATCOM/lib386/nt\clib3r.lib(memmove.c)
00407bb0       memmove_
Module: C:\WATCOM/lib386/nt\clib3r.lib(mbconv.c)
00407c10       _mbvtop_
Module: C:\WATCOM/lib386/nt\clib3r.lib(mbclen.c)
00407c30       _mbclen_
Module: C:\WATCOM/lib386/nt\clib3r.lib(mbccmp.c)
00407c60       _mbccmp_
Module: C:\WATCOM/lib386/nt\clib3r.lib(mbtowc.c)
00407ca0       mbtowc_
Module: C:\WATCOM/lib386/nt\clib3r.lib(ustrchr.c)
00407d30       wcschr_
Module: C:\WATCOM/lib386/nt\clib3r.lib(setenvar.c)
00407d50       __lib_SetEnvironmentVariableW_
Module: C:\WATCOM/lib386/nt\clib3r.lib(crtwenv.c)
00407e40       __create_wide_environment_
Module: C:\WATCOM/lib386/nt\clib3r.lib(wcstombs.c)
00407eb0       wcstombs_
Module: C:\WATCOM/lib386/nt\clib3r.lib(utoupper.c)
00407f4f       towupper_


                        +----------------------+
                        |   Imported Symbols   |
                        +----------------------+

Symbol                              Module
======                              ======

_GetStdHandle@4                     KERNEL32.DLL
_WriteFile@20                       KERNEL32.DLL
_GetEnvironmentStringsA@0           KERNEL32.DLL
_GetVersion@0                       KERNEL32.DLL
_GetModuleFileNameA@12              KERNEL32.DLL
_GetCommandLineA@0                  KERNEL32.DLL
_GetCommandLineW@0                  KERNEL32.DLL
_FreeEnvironmentStringsA@4          KERNEL32.DLL
_GetModuleHandleA@4                 KERNEL32.DLL
_ExitProcess@4                      KERNEL32.DLL
_SetStdHandle@8                     KERNEL32.DLL
_CreateEventA@16                    KERNEL32.DLL
_CloseHandle@4                      KERNEL32.DLL
_GetModuleFileNameW@12              KERNEL32.DLL
_MultiByteToWideChar@24             KERNEL32.DLL
_LoadLibraryA@4                     KERNEL32.DLL
_GetProcAddress@8                   KERNEL32.DLL
_SetUnhandledExceptionFilter@4      KERNEL32.DLL
_UnhandledExceptionFilter@4         KERNEL32.DLL
_VirtualQuery@12                    KERNEL32.DLL
_GetCurrentThreadId@0               KERNEL32.DLL
_CreateFileA@28                     KERNEL32.DLL
_SetConsoleCtrlHandler@8            KERNEL32.DLL
_WideCharToMultiByte@32             KERNEL32.DLL
_SetFilePointer@16                  KERNEL32.DLL
_FlushFileBuffers@4                 KERNEL32.DLL
_GetLastError@0                     KERNEL32.DLL
_VirtualAlloc@16                    KERNEL32.DLL
_GetFileType@4                      KERNEL32.DLL
_GetACP@0                           KERNEL32.DLL
_GetOEMCP@0                         KERNEL32.DLL
_GetCPInfo@8                        KERNEL32.DLL
_VirtualFree@12                     KERNEL32.DLL
_SetEnvironmentVariableA@8          KERNEL32.DLL
_CharUpperA@4                       USER32.DLL
_SetEnvironmentVariableW@8          KERNEL32.DLL


                        +--------------------+
                        |   Libraries Used   |
                        +--------------------+

C:\WATCOM/lib386/nt\kernel32.lib
C:\WATCOM/lib386/nt\user32.lib
C:\WATCOM/lib386/nt\clib3r.lib
C:\WATCOM/lib386\math387r.lib
C:\WATCOM/lib386/nt\emu387.lib


                        +-----------------------+
                        |   Linker Statistics   |
                        +-----------------------+

Stack size:  00010000 (65536.)
Memory size:  00018bb4 (101300.)
Entry point address: 00401102
Link time: 00:00.40
